   Compiling lfm25-inference v0.1.0 (/home/hyy4hc/source/lfm25-inference)
    Finished `release` profile [optimized] target(s) in 5.22s
     Running `target/release/lfm25-inference --model models/LFM2.5-1.2B-Instruct --benchmark-hardware docs/benchmarks/reprofile/20260902T132559Z/hardware.json --page-size 16`
loading model from models/LFM2.5-1.2B-Instruct
loaded 16/148 weight tensors
loaded 32/148 weight tensors
loaded 48/148 weight tensors
loaded 64/148 weight tensors
loaded 80/148 weight tensors
loaded 96/148 weight tensors
loaded 112/148 weight tensors
loaded 128/148 weight tensors
loaded 144/148 weight tensors
loaded 148/148 weight tensors
serving decode B=1 ctx=128: mean=7.352ms p95=7.394ms tok/s=136.0
serving decode B=2 ctx=128: mean=7.557ms p95=8.072ms tok/s=264.6
serving decode B=4 ctx=128: mean=7.489ms p95=7.566ms tok/s=534.1
serving decode B=8 ctx=128: mean=7.609ms p95=7.691ms tok/s=1051.4
serving decode B=16 ctx=128: mean=7.914ms p95=7.968ms tok/s=2021.8
serving decode B=32 ctx=128: mean=9.442ms p95=9.716ms tok/s=3388.9
serving decode B=64 ctx=128: mean=9.958ms p95=10.120ms tok/s=6427.1
serving decode B=1 ctx=512: mean=7.596ms p95=7.675ms tok/s=131.6
serving decode B=2 ctx=512: mean=7.679ms p95=7.735ms tok/s=260.5
serving decode B=4 ctx=512: mean=7.888ms p95=8.278ms tok/s=507.1
serving decode B=8 ctx=512: mean=8.235ms p95=8.332ms tok/s=971.4
serving decode B=16 ctx=512: mean=9.246ms p95=9.509ms tok/s=1730.4
serving decode B=32 ctx=512: mean=11.684ms p95=11.861ms tok/s=2738.8
serving decode B=64 ctx=512: mean=14.703ms p95=14.872ms tok/s=4352.9
serving decode B=1 ctx=2048: mean=8.792ms p95=8.982ms tok/s=113.7
serving decode B=2 ctx=2048: mean=9.115ms p95=9.204ms tok/s=219.4
serving decode B=4 ctx=2048: mean=9.742ms p95=9.832ms tok/s=410.6
serving decode B=8 ctx=2048: mean=10.991ms p95=11.090ms tok/s=727.9
serving decode B=16 ctx=2048: mean=14.677ms p95=14.863ms tok/s=1090.1
serving decode B=32 ctx=2048: mean=22.015ms p95=22.813ms tok/s=1453.6
serving decode B=64 ctx=2048: mean=33.978ms p95=35.435ms tok/s=1883.6
serving decode B=1 ctx=8192: mean=12.839ms p95=12.997ms tok/s=77.9
serving decode B=2 ctx=8192: mean=13.745ms p95=13.851ms tok/s=145.5
serving decode B=4 ctx=8192: mean=16.134ms p95=16.427ms tok/s=247.9
serving decode B=8 ctx=8192: mean=21.267ms p95=21.604ms tok/s=376.2
serving decode B=16 ctx=8192: mean=36.292ms p95=37.942ms tok/s=440.9
serving decode B=32 ctx=8192: mean=60.320ms p95=62.783ms tok/s=530.5
prefill T=32: wall_p95=10.271ms gpu_p95=10.581ms submit_mean=1.492ms misses=0
prefill T=128: wall_p95=14.173ms gpu_p95=14.555ms submit_mean=1.528ms misses=0
prefill T=512: wall_p95=49.257ms gpu_p95=51.000ms submit_mean=1.644ms misses=0
prefill T=1024: wall_p95=114.580ms gpu_p95=118.790ms submit_mean=1.845ms misses=0
prefill T=2048: wall_p95=295.848ms gpu_p95=303.815ms submit_mean=3.840ms misses=180
prefill T=4096: wall_p95=892.175ms gpu_p95=919.459ms submit_mean=6.223ms misses=295
prefill T=8192: wall_p95=3007.991ms gpu_p95=3107.389ms submit_mean=11.063ms misses=540
wrote hardware benchmark to docs/benchmarks/reprofile/20260902T132559Z/hardware.json
wrote scheduler cost model to docs/benchmarks/reprofile/20260902T132559Z/hardware.cost-model.json
