    Finished `release` profile [optimized] target(s) in 0.04s
     Running `target/release/lfm25-inference --model models/LFM2.5-1.2B-Instruct --benchmark-serving docs/benchmarks/reprofile/20260902T132559Z/continuous-decode.json --fp8-policy docs/benchmarks/fp8/selected-policy.json --page-size 16`
loading model from models/LFM2.5-1.2B-Instruct
loaded 16/148 weight tensors
loaded 32/148 weight tensors
loaded 48/148 weight tensors
loaded 64/148 weight tensors
loaded 80/148 weight tensors
loaded 96/148 weight tensors
loaded 112/148 weight tensors
loaded 128/148 weight tensors
loaded 144/148 weight tensors
loaded 148/148 weight tensors
installed decode-only FP8 policy docs/benchmarks/fp8/selected-policy.json with 16 enabled sites
serving decode B=1 ctx=16: mean=6.155ms p95=6.310ms tok/s=162.5
serving decode B=2 ctx=16: mean=7.370ms p95=7.445ms tok/s=271.4
serving decode B=4 ctx=16: mean=7.352ms p95=7.386ms tok/s=544.1
serving decode B=8 ctx=16: mean=7.385ms p95=7.488ms tok/s=1083.2
serving decode B=16 ctx=16: mean=7.656ms p95=7.847ms tok/s=2089.8
serving decode B=1 ctx=128: mean=6.208ms p95=6.299ms tok/s=161.1
serving decode B=2 ctx=128: mean=7.435ms p95=7.509ms tok/s=269.0
serving decode B=4 ctx=128: mean=7.445ms p95=7.488ms tok/s=537.3
serving decode B=8 ctx=128: mean=7.582ms p95=7.532ms tok/s=1055.1
serving decode B=16 ctx=128: mean=7.714ms p95=7.862ms tok/s=2074.1
wrote continuous decode benchmark to docs/benchmarks/reprofile/20260902T132559Z/continuous-decode.json
